Archive member included to satisfy reference by file (symbol)

D:/Shigoto/Tools/STM32CubeIDE_1.17.0/STM32CubeIDE/plugins/com.st.stm32cube.ide.mcu.externaltools.gnu-tools-for-stm32.12.3.rel1.win32_1.1.0.202410251130/tools/bin/../lib/gcc/arm-none-eabi/12.3.1/../../../../arm-none-eabi/lib/thumb/v7e-m/nofp\libc_nano.a(libc_a-exit.o)
                              D:/Shigoto/Tools/STM32CubeIDE_1.17.0/STM32CubeIDE/plugins/com.st.stm32cube.ide.mcu.externaltools.gnu-tools-for-stm32.12.3.rel1.win32_1.1.0.202410251130/tools/bin/../lib/gcc/arm-none-eabi/12.3.1/../../../../arm-none-eabi/lib/thumb/v7e-m/nofp/crt0.o (exit)
D:/Shigoto/Tools/STM32CubeIDE_1.17.0/STM32CubeIDE/plugins/com.st.stm32cube.ide.mcu.externaltools.gnu-tools-for-stm32.12.3.rel1.win32_1.1.0.202410251130/tools/bin/../lib/gcc/arm-none-eabi/12.3.1/../../../../arm-none-eabi/lib/thumb/v7e-m/nofp\libc_nano.a(libc_a-findfp.o)
                              D:/Shigoto/Tools/STM32CubeIDE_1.17.0/STM32CubeIDE/plugins/com.st.stm32cube.ide.mcu.externaltools.gnu-tools-for-stm32.12.3.rel1.win32_1.1.0.202410251130/tools/bin/../lib/gcc/arm-none-eabi/12.3.1/../../../../arm-none-eabi/lib/thumb/v7e-m/nofp\libc_nano.a(libc_a-exit.o) (__stdio_exit_handler)
D:/Shigoto/Tools/STM32CubeIDE_1.17.0/STM32CubeIDE/plugins/com.st.stm32cube.ide.mcu.externaltools.gnu-tools-for-stm32.12.3.rel1.win32_1.1.0.202410251130/tools/bin/../lib/gcc/arm-none-eabi/12.3.1/../../../../arm-none-eabi/lib/thumb/v7e-m/nofp\libc_nano.a(libc_a-fwalk.o)
                              D:/Shigoto/Tools/STM32CubeIDE_1.17.0/STM32CubeIDE/plugins/com.st.stm32cube.ide.mcu.externaltools.gnu-tools-for-stm32.12.3.rel1.win32_1.1.0.202410251130/tools/bin/../lib/gcc/arm-none-eabi/12.3.1/../../../../arm-none-eabi/lib/thumb/v7e-m/nofp\libc_nano.a(libc_a-findfp.o) (_fwalk_sglue)
D:/Shigoto/Tools/STM32CubeIDE_1.17.0/STM32CubeIDE/plugins/com.st.stm32cube.ide.mcu.externaltools.gnu-tools-for-stm32.12.3.rel1.win32_1.1.0.202410251130/tools/bin/../lib/gcc/arm-none-eabi/12.3.1/../../../../arm-none-eabi/lib/thumb/v7e-m/nofp\libc_nano.a(libc_a-printf.o)
                              ./Src/main-1.o (printf)
D:/Shigoto/Tools/STM32CubeIDE_1.17.0/STM32CubeIDE/plugins/com.st.stm32cube.ide.mcu.externaltools.gnu-tools-for-stm32.12.3.rel1.win32_1.1.0.202410251130/tools/bin/../lib/gcc/arm-none-eabi/12.3.1/../../../../arm-none-eabi/lib/thumb/v7e-m/nofp\libc_nano.a(libc_a-stdio.o)
                              D:/Shigoto/Tools/STM32CubeIDE_1.17.0/STM32CubeIDE/plugins/com.st.stm32cube.ide.mcu.externaltools.gnu-tools-for-stm32.12.3.rel1.win32_1.1.0.202410251130/tools/bin/../lib/gcc/arm-none-eabi/12.3.1/../../../../arm-none-eabi/lib/thumb/v7e-m/nofp\libc_nano.a(libc_a-findfp.o) (__sread)
D:/Shigoto/Tools/STM32CubeIDE_1.17.0/STM32CubeIDE/plugins/com.st.stm32cube.ide.mcu.externaltools.gnu-tools-for-stm32.12.3.rel1.win32_1.1.0.202410251130/tools/bin/../lib/gcc/arm-none-eabi/12.3.1/../../../../arm-none-eabi/lib/thumb/v7e-m/nofp\libc_nano.a(libc_a-memset.o)
                              D:/Shigoto/Tools/STM32CubeIDE_1.17.0/STM32CubeIDE/plugins/com.st.stm32cube.ide.mcu.externaltools.gnu-tools-for-stm32.12.3.rel1.win32_1.1.0.202410251130/tools/bin/../lib/gcc/arm-none-eabi/12.3.1/../../../../arm-none-eabi/lib/thumb/v7e-m/nofp/crt0.o (memset)
D:/Shigoto/Tools/STM32CubeIDE_1.17.0/STM32CubeIDE/plugins/com.st.stm32cube.ide.mcu.externaltools.gnu-tools-for-stm32.12.3.rel1.win32_1.1.0.202410251130/tools/bin/../lib/gcc/arm-none-eabi/12.3.1/../../../../arm-none-eabi/lib/thumb/v7e-m/nofp\libc_nano.a(libc_a-closer.o)
                              D:/Shigoto/Tools/STM32CubeIDE_1.17.0/STM32CubeIDE/plugins/com.st.stm32cube.ide.mcu.externaltools.gnu-tools-for-stm32.12.3.rel1.win32_1.1.0.202410251130/tools/bin/../lib/gcc/arm-none-eabi/12.3.1/../../../../arm-none-eabi/lib/thumb/v7e-m/nofp\libc_nano.a(libc_a-stdio.o) (_close_r)
D:/Shigoto/Tools/STM32CubeIDE_1.17.0/STM32CubeIDE/plugins/com.st.stm32cube.ide.mcu.externaltools.gnu-tools-for-stm32.12.3.rel1.win32_1.1.0.202410251130/tools/bin/../lib/gcc/arm-none-eabi/12.3.1/../../../../arm-none-eabi/lib/thumb/v7e-m/nofp\libc_nano.a(libc_a-reent.o)
                              D:/Shigoto/Tools/STM32CubeIDE_1.17.0/STM32CubeIDE/plugins/com.st.stm32cube.ide.mcu.externaltools.gnu-tools-for-stm32.12.3.rel1.win32_1.1.0.202410251130/tools/bin/../lib/gcc/arm-none-eabi/12.3.1/../../../../arm-none-eabi/lib/thumb/v7e-m/nofp\libc_nano.a(libc_a-closer.o) (errno)
D:/Shigoto/Tools/STM32CubeIDE_1.17.0/STM32CubeIDE/plugins/com.st.stm32cube.ide.mcu.externaltools.gnu-tools-for-stm32.12.3.rel1.win32_1.1.0.202410251130/tools/bin/../lib/gcc/arm-none-eabi/12.3.1/../../../../arm-none-eabi/lib/thumb/v7e-m/nofp\libc_nano.a(libc_a-impure.o)
[...]
Memory Configuration

Name             Origin             Length             Attributes
RAM              0x20000000         0x00020000         xrw
FLASH            0x08000000         0x00080000         xr
*default*        0x00000000         0xffffffff

Linker script and memory map

LOAD D:/Shigoto/Tools/STM32CubeIDE_1.17.0/STM32CubeIDE/plugins/com.st.stm32cube.ide.mcu.externaltools.gnu-tools-for-stm32.12.3.rel1.win32_1.1.0.202410251130/tools/bin/../lib/gcc/arm-none-eabi/12.3.1/thumb/v7e-m/nofp/crti.o
LOAD D:/Shigoto/Tools/STM32CubeIDE_1.17.0/STM32CubeIDE/plugins/com.st.stm32cube.ide.mcu.externaltools.gnu-tools-for-stm32.12.3.rel1.win32_1.1.0.202410251130/tools/bin/../lib/gcc/arm-none-eabi/12.3.1/thumb/v7e-m/nofp/crtbegin.o
LOAD D:/Shigoto/Tools/STM32CubeIDE_1.17.0/STM32CubeIDE/plugins/com.st.stm32cube.ide.mcu.externaltools.gnu-tools-for-stm32.12.3.rel1.win32_1.1.0.202410251130/tools/bin/../lib/gcc/arm-none-eabi/12.3.1/../../../../arm-none-eabi/lib/thumb/v7e-m/nofp/crt0.o
LOAD ./Src/main-1.o
LOAD ./Src/syscalls.o
LOAD ./Src/sysmem.o
LOAD ./Startup/startup_stm32f411retx.o
START GROUP
LOAD D:/Shigoto/Tools/STM32CubeIDE_1.17.0/STM32CubeIDE/plugins/com.st.stm32cube.ide.mcu.externaltools.gnu-tools-for-stm32.12.3.rel1.win32_1.1.0.202410251130/tools/bin/../lib/gcc/arm-none-eabi/12.3.1/../../../../arm-none-eabi/lib/thumb/v7e-m/nofp\libc_nano.a
LOAD D:/Shigoto/Tools/STM32CubeIDE_1.17.0/STM32CubeIDE/plugins/com.st.stm32cube.ide.mcu.externaltools.gnu-tools-for-stm32.12.3.rel1.win32_1.1.0.202410251130/tools/bin/../lib/gcc/arm-none-eabi/12.3.1/../../../../arm-none-eabi/lib/thumb/v7e-m/nofp\libm.a
END GROUP
START GROUP
LOAD D:/Shigoto/Tools/STM32CubeIDE_1.17.0/STM32CubeIDE/plugins/com.st.stm32cube.ide.mcu.externaltools.gnu-tools-for-stm32.12.3.rel1.win32_1.1.0.202410251130/tools/bin/../lib/gcc/arm-none-eabi/12.3.1/thumb/v7e-m/nofp\libgcc.a
LOAD D:/Shigoto/Tools/STM32CubeIDE_1.17.0/STM32CubeIDE/plugins/com.st.stm32cube.ide.mcu.externaltools.gnu-tools-for-stm32.12.3.rel1.win32_1.1.0.202410251130/tools/bin/../lib/gcc/arm-none-eabi/12.3.1/../../../../arm-none-eabi/lib/thumb/v7e-m/nofp\libc_nano.a
END GROUP
START GROUP
LOAD D:/Shigoto/Tools/STM32CubeIDE_1.17.0/STM32CubeIDE/plugins/com.st.stm32cube.ide.mcu.externaltools.gnu-tools-for-stm32.12.3.rel1.win32_1.1.0.202410251130/tools/bin/../lib/gcc/arm-none-eabi/12.3.1/thumb/v7e-m/nofp\libgcc.a
LOAD D:/Shigoto/Tools/STM32CubeIDE_1.17.0/STM32CubeIDE/plugins/com.st.stm32cube.ide.mcu.externaltools.gnu-tools-for-stm32.12.3.rel1.win32_1.1.0.202410251130/tools/bin/../lib/gcc/arm-none-eabi/12.3.1/../../../../arm-none-eabi/lib/thumb/v7e-m/nofp\libc_nano.a
LOAD D:/Shigoto/Tools/STM32CubeIDE_1.17.0/STM32CubeIDE/plugins/com.st.stm32cube.ide.mcu.externaltools.gnu-tools-for-stm32.12.3.rel1.win32_1.1.0.202410251130/tools/bin/../lib/gcc/arm-none-eabi/12.3.1/../../../../arm-none-eabi/lib/thumb/v7e-m/nofp\libnosys.a
END GROUP
START GROUP
LOAD D:/Shigoto/Tools/STM32CubeIDE_1.17.0/STM32CubeIDE/plugins/com.st.stm32cube.ide.mcu.externaltools.gnu-tools-for-stm32.12.3.rel1.win32_1.1.0.202410251130/tools/bin/../lib/gcc/arm-none-eabi/12.3.1/thumb/v7e-m/nofp\libgcc.a
LOAD D:/Shigoto/Tools/STM32CubeIDE_1.17.0/STM32CubeIDE/plugins/com.st.stm32cube.ide.mcu.externaltools.gnu-tools-for-stm32.12.3.rel1.win32_1.1.0.202410251130/tools/bin/../lib/gcc/arm-none-eabi/12.3.1/../../../../arm-none-eabi/lib/thumb/v7e-m/nofp\libc_nano.a
LOAD D:/Shigoto/Tools/STM32CubeIDE_1.17.0/STM32CubeIDE/plugins/com.st.stm32cube.ide.mcu.externaltools.gnu-tools-for-stm32.12.3.rel1.win32_1.1.0.202410251130/tools/bin/../lib/gcc/arm-none-eabi/12.3.1/../../../../arm-none-eabi/lib/thumb/v7e-m/nofp\libnosys.a
END GROUP
LOAD D:/Shigoto/Tools/STM32CubeIDE_1.17.0/STM32CubeIDE/plugins/com.st.stm32cube.ide.mcu.externaltools.gnu-tools-for-stm32.12.3.rel1.win32_1.1.0.202410251130/tools/bin/../lib/gcc/arm-none-eabi/12.3.1/thumb/v7e-m/nofp/crtend.o
LOAD D:/Shigoto/Tools/STM32CubeIDE_1.17.0/STM32CubeIDE/plugins/com.st.stm32cube.ide.mcu.externaltools.gnu-tools-for-stm32.12.3.rel1.win32_1.1.0.202410251130/tools/bin/../lib/gcc/arm-none-eabi/12.3.1/thumb/v7e-m/nofp/crtn.o
                0x20020000                        _estack = (ORIGIN (RAM) + LENGTH (RAM))
                0x00000200                        _Min_Heap_Size = 0x200
                0x00000400                        _Min_Stack_Size = 0x400

.isr_vector     0x08000000      0x198
                0x08000000                        . = ALIGN (0x4)
 *(.isr_vector)
 .isr_vector    0x08000000      0x198 ./Startup/startup_stm32f411retx.o
                0x08000000                g_pfnVectors
                0x08000198                        . = ALIGN (0x4)

.text           0x080001a0     0x12a4
                0x080001a0                        . = ALIGN (0x4)
 *(.text)
 .text          0x080001a0       0x40 D:/Shigoto/Tools/STM32CubeIDE_1.17.0/STM32CubeIDE/plugins/com.st.stm32cube.ide.mcu.externaltools.gnu-tools-for-stm32.12.3.rel1.win32_1.1.0.202410251130/tools/bin/../lib/gcc/arm-none-eabi/12.3.1/thumb/v7e-m/nofp/crtbegin.o
 .text          0x080001e0       0xa0 D:/Shigoto/Tools/STM32CubeIDE_1.17.0/STM32CubeIDE/plugins/com.st.stm32cube.ide.mcu.externaltools.gnu-tools-for-stm32.12.3.rel1.win32_1.1.0.202410251130/tools/bin/../lib/gcc/arm-none-eabi/12.3.1/../../../../arm-none-eabi/lib/thumb/v7e-m/nofp\libc_nano.a(libc_a-memchr.o)
                0x080001e0                memchr
 *(.text*)
 .text.SVC_Add_func
                0x08000280       0x1c ./Src/main-1.o
                0x08000280                SVC_Add_func
 .text.SVC_Sub_func
                0x0800029c       0x1c ./Src/main-1.o
                0x0800029c                SVC_Sub_func
 .text.SVC_Mul_func
                0x080002b8       0x1c ./Src/main-1.o
                0x080002b8                SVC_Mul_func
 .text.SVC_Div_func
                0x080002d4       0x1c ./Src/main-1.o
                0x080002d4                SVC_Div_func
 .text.main     0x080002f0       0x68 ./Src/main-1.o
                0x080002f0                main
 .text.SVC_Handler
                0x08000358        0xa ./Src/main-1.o
                0x08000358                SVC_Handler
 *fill*         0x08000362        0x2 
 .text.SVC_Handler_c
                0x08000364       0x94 ./Src/main-1.o
                0x08000364                SVC_Handler_c
 .text.ITM_SendChar
                0x080003f8       0x4c ./Src/syscalls.o
                0x080003f8                ITM_SendChar
 .text._read    0x08000444       0x3a ./Src/syscalls.o
                0x08000444                _read
 .text._write   0x0800047e       0x38 ./Src/syscalls.o
                0x0800047e                _write
 .text._close   0x080004b6       0x16 ./Src/syscalls.o
                0x080004b6                _close
 .text._fstat   0x080004cc       0x1e ./Src/syscalls.o
                0x080004cc                _fstat
 .text._isatty  0x080004ea       0x14 ./Src/syscalls.o
                0x080004ea                _isatty
 .text._lseek   0x080004fe       0x18 ./Src/syscalls.o
                0x080004fe                _lseek
 *fill*         0x08000516        0x2 
 .text._sbrk    0x08000518       0x6c ./Src/sysmem.o
                0x08000518                _sbrk
 .text.Reset_Handler
                0x08000584       0x50 ./Startup/startup_stm32f411retx.o
                0x08000584                Reset_Handler
 .text.Default_Handler
                0x080005d4        0x2 ./Startup/startup_stm32f411retx.o
                0x080005d4                RTC_Alarm_IRQHandler
                0x080005d4                EXTI2_IRQHandler
                0x080005d4                DebugMon_Handler
                0x080005d4                SPI4_IRQHandler
                0x080005d4                TIM1_CC_IRQHandler
                0x080005d4                DMA2_Stream5_IRQHandler
                0x080005d4                HardFault_Handler
                0x080005d4                DMA1_Stream5_IRQHandler
                0x080005d4                SysTick_Handler
                0x080005d4                PVD_IRQHandler
                0x080005d4                SDIO_IRQHandler
                0x080005d4                TAMP_STAMP_IRQHandler
                0x080005d4                PendSV_Handler
                0x080005d4                NMI_Handler
                0x080005d4                EXTI3_IRQHandler
                0x080005d4                TIM1_UP_TIM10_IRQHandler
                0x080005d4                I2C3_ER_IRQHandler
                0x080005d4                EXTI0_IRQHandler
                0x080005d4                I2C2_EV_IRQHandler
                0x080005d4                DMA1_Stream2_IRQHandler
                0x080005d4                UsageFault_Handler
                0x080005d4                DMA2_Stream2_IRQHandler
                0x080005d4                SPI1_IRQHandler
                0x080005d4                TIM1_BRK_TIM9_IRQHandler
                0x080005d4                DMA2_Stream3_IRQHandler
                0x080005d4                USART6_IRQHandler
                0x080005d4                DMA2_Stream0_IRQHandler
                0x080005d4                TIM4_IRQHandler
                0x080005d4                I2C1_EV_IRQHandler
                0x080005d4                DMA1_Stream6_IRQHandler
                0x080005d4                DMA1_Stream1_IRQHandler
                0x080005d4                TIM3_IRQHandler
                0x080005d4                RCC_IRQHandler
                0x080005d4                Default_Handler
                0x080005d4                EXTI15_10_IRQHandler
                0x080005d4                ADC_IRQHandler
                0x080005d4                DMA1_Stream7_IRQHandler
                0x080005d4                SPI5_IRQHandler
                0x080005d4                TIM5_IRQHandler
                0x080005d4                DMA2_Stream7_IRQHandler
                0x080005d4                I2C3_EV_IRQHandler
                0x080005d4                EXTI9_5_IRQHandler
                0x080005d4                RTC_WKUP_IRQHandler
                0x080005d4                SPI2_IRQHandler
                0x080005d4                MemManage_Handler
                0x080005d4                DMA1_Stream0_IRQHandler
                0x080005d4                EXTI4_IRQHandler
                0x080005d4                WWDG_IRQHandler
                0x080005d4                TIM2_IRQHandler
                0x080005d4                OTG_FS_WKUP_IRQHandler
                0x080005d4                TIM1_TRG_COM_TIM11_IRQHandler
                0x080005d4                EXTI1_IRQHandler
                0x080005d4                USART2_IRQHandler
                0x080005d4                I2C2_ER_IRQHandler
                0x080005d4                DMA2_Stream1_IRQHandler
                0x080005d4                FLASH_IRQHandler
                0x080005d4                DMA2_Stream4_IRQHandler
                0x080005d4                BusFault_Handler
                0x080005d4                USART1_IRQHandler
                0x080005d4                OTG_FS_IRQHandler
                0x080005d4                SPI3_IRQHandler
                0x080005d4                DMA1_Stream4_IRQHandler
                0x080005d4                I2C1_ER_IRQHandler
                0x080005d4                DMA2_Stream6_IRQHandler
                0x080005d4                DMA1_Stream3_IRQHandler
 *fill*         0x080005d6        0x2 
 .text.std      0x080005d8       0x6c D:/Shigoto/Tools/STM32CubeIDE_1.17.0/STM32CubeIDE/plugins/com.st.stm32cube.ide.mcu.externaltools.gnu-tools-for-stm32.12.3.rel1.win32_1.1.0.202410251130/tools/bin/../lib/gcc/arm-none-eabi/12.3.1/../../../../arm-none-eabi/lib/thumb/v7e-m/nofp\libc_nano.a(libc_a-findfp.o)
 .text.stdio_exit_handler
                0x08000644       0x18 D:/Shigoto/Tools/STM32CubeIDE_1.17.0/STM32CubeIDE/plugins/com.st.stm32cube.ide.mcu.externaltools.gnu-tools-for-stm32.12.3.rel1.win32_1.1.0.202410251130/tools/bin/../lib/gcc/arm-none-eabi/12.3.1/../../../../arm-none-eabi/lib/thumb/v7e-m/nofp\libc_nano.a(libc_a-findfp.o)
 .text.cleanup_stdio
                0x0800065c       0x40 D:/Shigoto/Tools/STM32CubeIDE_1.17.0/STM32CubeIDE/plugins/com.st.stm32cube.ide.mcu.externaltools.gnu-tools-for-stm32.12.3.rel1.win32_1.1.0.202410251130/tools/bin/../lib/gcc/arm-none-eabi/12.3.1/../../../../arm-none-eabi/lib/thumb/v7e-m/nofp\libc_nano.a(libc_a-findfp.o)
 .text.global_stdio_init.part.0
                0x0800069c       0x3c D:/Shigoto/Tools/STM32CubeIDE_1.17.0/STM32CubeIDE/plugins/com.st.stm32cube.ide.mcu.externaltools.gnu-tools-for-stm32.12.3.rel1.win32_1.1.0.202410251130/tools/bin/../lib/gcc/arm-none-eabi/12.3.1/../../../../arm-none-eabi/lib/thumb/v7e-m/nofp\libc_nano.a(libc_a-findfp.o)
 .text.__sfp_lock_acquire
                0x080006d8        0xc D:/Shigoto/Tools/STM32CubeIDE_1.17.0/STM32CubeIDE/plugins/com.st.stm32cube.ide.mcu.externaltools.gnu-tools-for-stm32.12.3.rel1.win32_1.1.0.202410251130/tools/bin/../lib/gcc/arm-none-eabi/12.3.1/../../../../arm-none-eabi/lib/thumb/v7e-m/nofp\libc_nano.a(libc_a-findfp.o)
                0x080006d8                __sfp_lock_acquire
 .text.__sfp_lock_release
                0x080006e4        0xc D:/Shigoto/Tools/STM32CubeIDE_1.17.0/STM32CubeIDE/plugins/com.st.stm32cube.ide.mcu.externaltools.gnu-tools-for-stm32.12.3.rel1.win32_1.1.0.202410251130/tools/bin/../lib/gcc/arm-none-eabi/12.3.1/../../../../arm-none-eabi/lib/thumb/v7e-m/nofp\libc_nano.a(libc_a-findfp.o)
                0x080006e4                __sfp_lock_release
 .text.__sinit  0x080006f0       0x30 D:/Shigoto/Tools/STM32CubeIDE_1.17.0/STM32CubeIDE/plugins/com.st.stm32cube.ide.mcu.externaltools.gnu-tools-for-stm32.12.3.rel1.win32_1.1.0.202410251130/tools/bin/../lib/gcc/arm-none-eabi/12.3.1/../../../../arm-none-eabi/lib/thumb/v7e-m/nofp\libc_nano.a(libc_a-findfp.o)
                0x080006f0                __sinit
 .text._fwalk_sglue
                0x08000720       0x3c D:/Shigoto/Tools/STM32CubeIDE_1.17.0/STM32CubeIDE/plugins/com.st.stm32cube.ide.mcu.externaltools.gnu-tools-for-stm32.12.3.rel1.win32_1.1.0.202410251130/tools/bin/../lib/gcc/arm-none-eabi/12.3.1/../../../../arm-none-eabi/lib/thumb/v7e-m/nofp\libc_nano.a(libc_a-fwalk.o)
                0x08000720                _fwalk_sglue
 .text.printf   0x0800075c       0x24 D:/Shigoto/Tools/STM32CubeIDE_1.17.0/STM32CubeIDE/plugins/com.st.stm32cube.ide.mcu.externaltools.gnu-tools-for-stm32.12.3.rel1.win32_1.1.0.202410251130/tools/bin/../lib/gcc/arm-none-eabi/12.3.1/../../../../arm-none-eabi/lib/thumb/v7e-m/nofp\libc_nano.a(libc_a-printf.o)
                0x0800075c                iprintf
                0x0800075c                printf
 .text.__sread  0x08000780       0x22 D:/Shigoto/Tools/STM32CubeIDE_1.17.0/STM32CubeIDE/plugins/com.st.stm32cube.ide.mcu.externaltools.gnu-tools-for-stm32.12.3.rel1.win32_1.1.0.202410251130/tools/bin/../lib/gcc/arm-none-eabi/12.3.1/../../../../arm-none-eabi/lib/thumb/v7e-m/nofp\libc_nano.a(libc_a-stdio.o)
                0x08000780                __sread
 .text.__swrite
                0x080007a2       0x38 D:/Shigoto/Tools/STM32CubeIDE_1.17.0/STM32CubeIDE/plugins/com.st.stm32cube.ide.mcu.externaltools.gnu-tools-for-stm32.12.3.rel1.win32_1.1.0.202410251130/tools/bin/../lib/gcc/arm-none-eabi/12.3.1/../../../../arm-none-eabi/lib/thumb/v7e-m/nofp\libc_nano.a(libc_a-stdio.o)
                0x080007a2                __swrite
 .text.__sseek  0x080007da       0x24 D:/Shigoto/Tools/STM32CubeIDE_1.17.0/STM32CubeIDE/plugins/com.st.stm32cube.ide.mcu.externaltools.gnu-tools-for-stm32.12.3.rel1.win32_1.1.0.202410251130/tools/bin/../lib/gcc/arm-none-eabi/12.3.1/../../../../arm-none-eabi/lib/thumb/v7e-m/nofp\libc_nano.a(libc_a-stdio.o)
                0x080007da                __sseek
 .text.__sclose
                0x080007fe        0x8 D:/Shigoto/Tools/STM32CubeIDE_1.17.0/STM32CubeIDE/plugins/com.st.stm32cube.ide.mcu.externaltools.gnu-tools-for-stm32.12.3.rel1.win32_1.1.0.202410251130/tools/bin/../lib/gcc/arm-none-eabi/12.3.1/../../../../arm-none-eabi/lib/thumb/v7e-m/nofp\libc_nano.a(libc_a-stdio.o)
                0x080007fe                __sclose
 .text.memset   0x08000806       0x10 D:/Shigoto/Tools/STM32CubeIDE_1.17.0/STM32CubeIDE/plugins/com.st.stm32cube.ide.mcu.externaltools.gnu-tools-for-stm32.12.3.rel1.win32_1.1.0.202410251130/tools/bin/../lib/gcc/arm-none-eabi/12.3.1/../../../../arm-none-eabi/lib/thumb/v7e-m/nofp\libc_nano.a(libc_a-memset.o)
                0x08000806                memset
 *fill*         0x08000816        0x2 
 .text._close_r
                0x08000818       0x20 D:/Shigoto/Tools/STM32CubeIDE_1.17.0/STM32CubeIDE/plugins/com.st.stm32cube.ide.mcu.externaltools.gnu-tools-for-stm32.12.3.rel1.win32_1.1.0.202410251130/tools/bin/../lib/gcc/arm-none-eabi/12.3.1/../../../../arm-none-eabi/lib/thumb/v7e-m/nofp\libc_nano.a(libc_a-closer.o)
                0x08000818                _close_r
 .text._lseek_r
                0x08000838       0x24 D:/Shigoto/Tools/STM32CubeIDE_1.17.0/STM32CubeIDE/plugins/com.st.stm32cube.ide.mcu.externaltools.gnu-tools-for-stm32.12.3.rel1.win32_1.1.0.202410251130/tools/bin/../lib/gcc/arm-none-eabi/12.3.1/../../../../arm-none-eabi/lib/thumb/v7e-m/nofp\libc_nano.a(libc_a-lseekr.o)
                0x08000838                _lseek_r
 .text._read_r  0x0800085c       0x24 D:/Shigoto/Tools/STM32CubeIDE_1.17.0/STM32CubeIDE/plugins/com.st.stm32cube.ide.mcu.externaltools.gnu-tools-for-stm32.12.3.rel1.win32_1.1.0.202410251130/tools/bin/../lib/gcc/arm-none-eabi/12.3.1/../../../../arm-none-eabi/lib/thumb/v7e-m/nofp\libc_nano.a(libc_a-readr.o)
                0x0800085c                _read_r
 .text._write_r
                0x08000880       0x24 D:/Shigoto/Tools/STM32CubeIDE_1.17.0/STM32CubeIDE/plugins/com.st.stm32cube.ide.mcu.externaltools.gnu-tools-for-stm32.12.3.rel1.win32_1.1.0.202410251130/tools/bin/../lib/gcc/arm-none-eabi/12.3.1/../../../../arm-none-eabi/lib/thumb/v7e-m/nofp\libc_nano.a(libc_a-writer.o)
                0x08000880                _write_r
 .text.__errno  0x080008a4        0xc D:/Shigoto/Tools/STM32CubeIDE_1.17.0/STM32CubeIDE/plugins/com.st.stm32cube.ide.mcu.externaltools.gnu-tools-for-stm32.12.3.rel1.win32_1.1.0.202410251130/tools/bin/../lib/gcc/arm-none-eabi/12.3.1/../../../../arm-none-eabi/lib/thumb/v7e-m/nofp\libc_nano.a(libc_a-errno.o)
                0x080008a4                __errno
 .text.__libc_init_array
                0x080008b0       0x48 D:/Shigoto/Tools/STM32CubeIDE_1.17.0/STM32CubeIDE/plugins/com.st.stm32cube.ide.mcu.externaltools.gnu-tools-for-stm32.12.3.rel1.win32_1.1.0.202410251130/tools/bin/../lib/gcc/arm-none-eabi/12.3.1/../../../../arm-none-eabi/lib/thumb/v7e-m/nofp\libc_nano.a(libc_a-init.o)
                0x080008b0                __libc_init_array
 .text.__retarget_lock_init_recursive
                0x080008f8        0x2 D:/Shigoto/Tools/STM32CubeIDE_1.17.0/STM32CubeIDE/plugins/com.st.stm32cube.ide.mcu.externaltools.gnu-tools-for-stm32.12.3.rel1.win32_1.1.0.202410251130/tools/bin/../lib/gcc/arm-none-eabi/12.3.1/../../../../arm-none-eabi/lib/thumb/v7e-m/nofp\libc_nano.a(libc_a-lock.o)
                0x080008f8                __retarget_lock_init_recursive
 .text.__retarget_lock_acquire_recursive
                0x080008fa        0x2 D:/Shigoto/Tools/STM32CubeIDE_1.17.0/STM32CubeIDE/plugins/com.st.stm32cube.ide.mcu.externaltools.gnu-tools-for-stm32.12.3.rel1.win32_1.1.0.202410251130/tools/bin/../lib/gcc/arm-none-eabi/12.3.1/../../../../arm-none-eabi/lib/thumb/v7e-m/nofp\libc_nano.a(libc_a-lock.o)
                0x080008fa                __retarget_lock_acquire_recursive
 .text.__retarget_lock_release_recursive
                0x080008fc        0x2 D:/Shigoto/Tools/STM32CubeIDE_1.17.0/STM32CubeIDE/plugins/com.st.stm32cube.ide.mcu.externaltools.gnu-tools-for-stm32.12.3.rel1.win32_1.1.0.202410251130/tools/bin/../lib/gcc/arm-none-eabi/12.3.1/../../../../arm-none-eabi/lib/thumb/v7e-m/nofp\libc_nano.a(libc_a-lock.o)
                0x080008fc                __retarget_lock_release_recursive
 *fill*         0x080008fe        0x2 
 .text._free_r  0x08000900       0x94 D:/Shigoto/Tools/STM32CubeIDE_1.17.0/STM32CubeIDE/plugins/com.st.stm32cube.ide.mcu.externaltools.gnu-tools-for-stm32.12.3.rel1.win32_1.1.0.202410251130/tools/bin/../lib/gcc/arm-none-eabi/12.3.1/../../../../arm-none-eabi/lib/thumb/v7e-m/nofp\libc_nano.a(libc_a-freer.o)
                0x08000900                _free_r
 .text.sbrk_aligned
                0x08000994       0x44 D:/Shigoto/Tools/STM32CubeIDE_1.17.0/STM32CubeIDE/plugins/com.st.stm32cube.ide.mcu.externaltools.gnu-tools-for-stm32.12.3.rel1.win32_1.1.0.202410251130/tools/bin/../lib/gcc/arm-none-eabi/12.3.1/../../../../arm-none-eabi/lib/thumb/v7e-m/nofp\libc_nano.a(libc_a-mallocr.o)
 .text._malloc_r
                0x080009d8      0x100 D:/Shigoto/Tools/STM32CubeIDE_1.17.0/STM32CubeIDE/plugins/com.st.stm32cube.ide.mcu.externaltools.gnu-tools-for-stm32.12.3.rel1.win32_1.1.0.202410251130/tools/bin/../lib/gcc/arm-none-eabi/12.3.1/../../../../arm-none-eabi/lib/thumb/v7e-m/nofp\libc_nano.a(libc_a-mallocr.o)
                0x080009d8                _malloc_r
 .text.__malloc_lock
                0x08000ad8        0xc D:/Shigoto/Tools/STM32CubeIDE_1.17.0/STM32CubeIDE/plugins/com.st.stm32cube.ide.mcu.externaltools.gnu-tools-for-stm32.12.3.rel1.win32_1.1.0.202410251130/tools/bin/../lib/gcc/arm-none-eabi/12.3.1/../../../../arm-none-eabi/lib/thumb/v7e-m/nofp\libc_nano.a(libc_a-mlock.o)
                0x08000ad8                __malloc_lock
 .text.__malloc_unlock
                0x08000ae4        0xc D:/Shigoto/Tools/STM32CubeIDE_1.17.0/STM32CubeIDE/plugins/com.st.stm32cube.ide.mcu.externaltools.gnu-tools-for-stm32.12.3.rel1.win32_1.1.0.202410251130/tools/bin/../lib/gcc/arm-none-eabi/12.3.1/../../../../arm-none-eabi/lib/thumb/v7e-m/nofp\libc_nano.a(libc_a-mlock.o)
                0x08000ae4                __malloc_unlock
 .text.__sfputc_r
                0x08000af0       0x2a D:/Shigoto/Tools/STM32CubeIDE_1.17.0/STM32CubeIDE/plugins/com.st.stm32cube.ide.mcu.externaltools.gnu-tools-for-stm32.12.3.rel1.win32_1.1.0.202410251130/tools/bin/../lib/gcc/arm-none-eabi/12.3.1/../../../../arm-none-eabi/lib/thumb/v7e-m/nofp\libc_nano.a(libc_a-nano-vfprintf.o)
 .text.__sfputs_r
                0x08000b1a       0x24 D:/Shigoto/Tools/STM32CubeIDE_1.17.0/STM32CubeIDE/plugins/com.st.stm32cube.ide.mcu.externaltools.gnu-tools-for-stm32.12.3.rel1.win32_1.1.0.202410251130/tools/bin/../lib/gcc/arm-none-eabi/12.3.1/../../../../arm-none-eabi/lib/thumb/v7e-m/nofp\libc_nano.a(libc_a-nano-vfprintf.o)
                0x08000b1a                __sfputs_r
 *fill*         0x08000b3e        0x2 
 .text._vfprintf_r
                0x08000b40      0x230 D:/Shigoto/Tools/STM32CubeIDE_1.17.0/STM32CubeIDE/plugins/com.st.stm32cube.ide.mcu.externaltools.gnu-tools-for-stm32.12.3.rel1.win32_1.1.0.202410251130/tools/bin/../lib/gcc/arm-none-eabi/12.3.1/../../../../arm-none-eabi/lib/thumb/v7e-m/nofp\libc_nano.a(libc_a-nano-vfprintf.o)
                0x08000b40                _vfprintf_r
                0x08000b40                _vfiprintf_r
 .text._printf_common
                0x08000d70       0xda D:/Shigoto/Tools/STM32CubeIDE_1.17.0/STM32CubeIDE/plugins/com.st.stm32cube.ide.mcu.externaltools.gnu-tools-for-stm32.12.3.rel1.win32_1.1.0.202410251130/tools/bin/../lib/gcc/arm-none-eabi/12.3.1/../../../../arm-none-eabi/lib/thumb/v7e-m/nofp\libc_nano.a(libc_a-nano-vfprintf_i.o)
                0x08000d70                _printf_common
 *fill*         0x08000e4a        0x2 
 .text._printf_i
                0x08000e4c      0x240 D:/Shigoto/Tools/STM32CubeIDE_1.17.0/STM32CubeIDE/plugins/com.st.stm32cube.ide.mcu.externaltools.gnu-tools-for-stm32.12.3.rel1.win32_1.1.0.202410251130/tools/bin/../lib/gcc/arm-none-eabi/12.3.1/../../../../arm-none-eabi/lib/thumb/v7e-m/nofp\libc_nano.a(libc_a-nano-vfprintf_i.o)
                0x08000e4c                _printf_i
 .text.__sflush_r
                0x0800108c      0x100 D:/Shigoto/Tools/STM32CubeIDE_1.17.0/STM32CubeIDE/plugins/com.st.stm32cube.ide.mcu.externaltools.gnu-tools-for-stm32.12.3.rel1.win32_1.1.0.202410251130/tools/bin/../lib/gcc/arm-none-eabi/12.3.1/../../../../arm-none-eabi/lib/thumb/v7e-m/nofp\libc_nano.a(libc_a-fflush.o)
                0x0800108c                __sflush_r
 .text._fflush_r
                0x0800118c       0x50 D:/Shigoto/Tools/STM32CubeIDE_1.17.0/STM32CubeIDE/plugins/com.st.stm32cube.ide.mcu.externaltools.gnu-tools-for-stm32.12.3.rel1.win32_1.1.0.202410251130/tools/bin/../lib/gcc/arm-none-eabi/12.3.1/../../../../arm-none-eabi/lib/thumb/v7e-m/nofp\libc_nano.a(libc_a-fflush.o)
                0x0800118c                _fflush_r
 .text.__swbuf_r
                0x080011dc       0x7c D:/Shigoto/Tools/STM32CubeIDE_1.17.0/STM32CubeIDE/plugins/com.st.stm32cube.ide.mcu.externaltools.gnu-tools-for-stm32.12.3.rel1.win32_1.1.0.202410251130/tools/bin/../lib/gcc/arm-none-eabi/12.3.1/../../../../arm-none-eabi/lib/thumb/v7e-m/nofp\libc_nano.a(libc_a-wbuf.o)
                0x080011dc                __swbuf_r
 .text.__swsetup_r
                0x08001258       0xac D:/Shigoto/Tools/STM32CubeIDE_1.17.0/STM32CubeIDE/plugins/com.st.stm32cube.ide.mcu.externaltools.gnu-tools-for-stm32.12.3.rel1.win32_1.1.0.202410251130/tools/bin/../lib/gcc/arm-none-eabi/12.3.1/../../../../arm-none-eabi/lib/thumb/v7e-m/nofp\libc_nano.a(libc_a-wsetup.o)
                0x08001258                __swsetup_r
 .text._sbrk_r  0x08001304       0x20 D:/Shigoto/Tools/STM32CubeIDE_1.17.0/STM32CubeIDE/plugins/com.st.stm32cube.ide.mcu.externaltools.gnu-tools-for-stm32.12.3.rel1.win32_1.1.0.202410251130/tools/bin/../lib/gcc/arm-none-eabi/12.3.1/../../../../arm-none-eabi/lib/thumb/v7e-m/nofp\libc_nano.a(libc_a-sbrkr.o)
                0x08001304                _sbrk_r
 .text.__swhatbuf_r
                0x08001324       0x4c D:/Shigoto/Tools/STM32CubeIDE_1.17.0/STM32CubeIDE/plugins/com.st.stm32cube.ide.mcu.externaltools.gnu-tools-for-stm32.12.3.rel1.win32_1.1.0.202410251130/tools/bin/../lib/gcc/arm-none-eabi/12.3.1/../../../../arm-none-eabi/lib/thumb/v7e-m/nofp\libc_nano.a(libc_a-makebuf.o)
                0x08001324                __swhatbuf_r
 .text.__smakebuf_r
                0x08001370       0x78 D:/Shigoto/Tools/STM32CubeIDE_1.17.0/STM32CubeIDE/plugins/com.st.stm32cube.ide.mcu.externaltools.gnu-tools-for-stm32.12.3.rel1.win32_1.1.0.202410251130/tools/bin/../lib/gcc/arm-none-eabi/12.3.1/../../../../arm-none-eabi/lib/thumb/v7e-m/nofp\libc_nano.a(libc_a-makebuf.o)
                0x08001370                __smakebuf_r
 .text._fstat_r
                0x080013e8       0x24 D:/Shigoto/Tools/STM32CubeIDE_1.17.0/STM32CubeIDE/plugins/com.st.stm32cube.ide.mcu.externaltools.gnu-tools-for-stm32.12.3.rel1.win32_1.1.0.202410251130/tools/bin/../lib/gcc/arm-none-eabi/12.3.1/../../../../arm-none-eabi/lib/thumb/v7e-m/nofp\libc_nano.a(libc_a-fstatr.o)
                0x080013e8                _fstat_r
 .text._isatty_r
                0x0800140c       0x20 D:/Shigoto/Tools/STM32CubeIDE_1.17.0/STM32CubeIDE/plugins/com.st.stm32cube.ide.mcu.externaltools.gnu-tools-for-stm32.12.3.rel1.win32_1.1.0.202410251130/tools/bin/../lib/gcc/arm-none-eabi/12.3.1/../../../../arm-none-eabi/lib/thumb/v7e-m/nofp\libc_nano.a(libc_a-isattyr.o)
                0x0800140c                _isatty_r
 *(.glue_7)
 .glue_7        0x0800142c        0x0 linker stubs
 *(.glue_7t)
 .glue_7t       0x0800142c        0x0 linker stubs
 *(.eh_frame)
 .eh_frame      0x0800142c        0x0 D:/Shigoto/Tools/STM32CubeIDE_1.17.0/STM32CubeIDE/plugins/com.st.stm32cube.ide.mcu.externaltools.gnu-tools-for-stm32.12.3.rel1.win32_1.1.0.202410251130/tools/bin/../lib/gcc/arm-none-eabi/12.3.1/thumb/v7e-m/nofp/crtbegin.o
 *(.init)
 .init          0x0800142c        0x4 D:/Shigoto/Tools/STM32CubeIDE_1.17.0/STM32CubeIDE/plugins/com.st.stm32cube.ide.mcu.externaltools.gnu-tools-for-stm32.12.3.rel1.win32_1.1.0.202410251130/tools/bin/../lib/gcc/arm-none-eabi/12.3.1/thumb/v7e-m/nofp/crti.o
                0x0800142c                _init
 .init          0x08001430        0x8 D:/Shigoto/Tools/STM32CubeIDE_1.17.0/STM32CubeIDE/plugins/com.st.stm32cube.ide.mcu.externaltools.gnu-tools-for-stm32.12.3.rel1.win32_1.1.0.202410251130/tools/bin/../lib/gcc/arm-none-eabi/12.3.1/thumb/v7e-m/nofp/crtn.o
 *(.fini)
 .fini          0x08001438        0x4 D:/Shigoto/Tools/STM32CubeIDE_1.17.0/STM32CubeIDE/plugins/com.st.stm32cube.ide.mcu.externaltools.gnu-tools-for-stm32.12.3.rel1.win32_1.1.0.202410251130/tools/bin/../lib/gcc/arm-none-eabi/12.3.1/thumb/v7e-m/nofp/crti.o
                0x08001438                _fini
 .fini          0x0800143c        0x8 D:/Shigoto/Tools/STM32CubeIDE_1.17.0/STM32CubeIDE/plugins/com.st.stm32cube.ide.mcu.externaltools.gnu-tools-for-stm32.12.3.rel1.win32_1.1.0.202410251130/tools/bin/../lib/gcc/arm-none-eabi/12.3.1/thumb/v7e-m/nofp/crtn.o
                0x08001444                        . = ALIGN (0x4)
                0x08001444                        _etext = .

.vfp11_veneer   0x08001444        0x0
 .vfp11_veneer  0x08001444        0x0 linker stubs

.v4_bx          0x08001444        0x0
 .v4_bx         0x08001444        0x0 linker stubs

.iplt           0x08001444        0x0
 .iplt          0x08001444        0x0 D:/Shigoto/Tools/STM32CubeIDE_1.17.0/STM32CubeIDE/plugins/com.st.stm32cube.ide.mcu.externaltools.gnu-tools-for-stm32.12.3.rel1.win32_1.1.0.202410251130/tools/bin/../lib/gcc/arm-none-eabi/12.3.1/thumb/v7e-m/nofp/crtbegin.o

.rodata         0x08001444       0x8c
                0x08001444                        . = ALIGN (0x4)
 *(.rodata)
 .rodata        0x08001444       0x59 ./Src/main-1.o
 *(.rodata*)
 .rodata._vfprintf_r.str1.1
                0x0800149d       0x11 D:/Shigoto/Tools/STM32CubeIDE_1.17.0/STM32CubeIDE/plugins/com.st.stm32cube.ide.mcu.externaltools.gnu-tools-for-stm32.12.3.rel1.win32_1.1.0.202410251130/tools/bin/../lib/gcc/arm-none-eabi/12.3.1/../../../../arm-none-eabi/lib/thumb/v7e-m/nofp\libc_nano.a(libc_a-nano-vfprintf.o)
 .rodata._printf_i.str1.1
                0x080014ae       0x22 D:/Shigoto/Tools/STM32CubeIDE_1.17.0/STM32CubeIDE/plugins/com.st.stm32cube.ide.mcu.externaltools.gnu-tools-for-stm32.12.3.rel1.win32_1.1.0.202410251130/tools/bin/../lib/gcc/arm-none-eabi/12.3.1/../../../../arm-none-eabi/lib/thumb/v7e-m/nofp\libc_nano.a(libc_a-nano-vfprintf_i.o)
                0x080014d0                        . = ALIGN (0x4)

.ARM.extab      0x080014d0        0x0
                0x080014d0                        . = ALIGN (0x4)
 *(.ARM.extab* .gnu.linkonce.armextab.*)
                0x080014d0                        . = ALIGN (0x4)

.ARM            0x080014d0        0x8
                0x080014d0                        . = ALIGN (0x4)
                0x080014d0                        __exidx_start = .
 *(.ARM.exidx*)
 .ARM.exidx     0x080014d0        0x8 D:/Shigoto/Tools/STM32CubeIDE_1.17.0/STM32CubeIDE/plugins/com.st.stm32cube.ide.mcu.externaltools.gnu-tools-for-stm32.12.3.rel1.win32_1.1.0.202410251130/tools/bin/../lib/gcc/arm-none-eabi/12.3.1/../../../../arm-none-eabi/lib/thumb/v7e-m/nofp\libc_nano.a(libc_a-memchr.o)
                0x080014d8                        __exidx_end = .
                0x080014d8                        . = ALIGN (0x4)

.preinit_array  0x080014d8        0x0
                0x080014d8                        . = ALIGN (0x4)
                0x080014d8                        PROVIDE (__preinit_array_start = .)
 *(.preinit_array*)
                0x080014d8                        PROVIDE (__preinit_array_end = .)
                0x080014d8                        . = ALIGN (0x4)

.init_array     0x080014d8        0x4
                0x080014d8                        . = ALIGN (0x4)
                0x080014d8                        PROVIDE (__init_array_start = .)
 *(SORT_BY_NAME(.init_array.*))
 *(.init_array*)
 .init_array    0x080014d8        0x4 D:/Shigoto/Tools/STM32CubeIDE_1.17.0/STM32CubeIDE/plugins/com.st.stm32cube.ide.mcu.externaltools.gnu-tools-for-stm32.12.3.rel1.win32_1.1.0.202410251130/tools/bin/../lib/gcc/arm-none-eabi/12.3.1/thumb/v7e-m/nofp/crtbegin.o
                0x080014dc                        PROVIDE (__init_array_end = .)
                0x080014dc                        . = ALIGN (0x4)

.fini_array     0x080014dc        0x4
                0x080014dc                        . = ALIGN (0x4)
                [!provide]                        PROVIDE (__fini_array_start = .)
 *(SORT_BY_NAME(.fini_array.*))
 *(.fini_array*)
 .fini_array    0x080014dc        0x4 D:/Shigoto/Tools/STM32CubeIDE_1.17.0/STM32CubeIDE/plugins/com.st.stm32cube.ide.mcu.externaltools.gnu-tools-for-stm32.12.3.rel1.win32_1.1.0.202410251130/tools/bin/../lib/gcc/arm-none-eabi/12.3.1/thumb/v7e-m/nofp/crtbegin.o
                [!provide]                        PROVIDE (__fini_array_end = .)
                0x080014e0                        . = ALIGN (0x4)
                0x080014e0                        _sidata = LOADADDR (.data)

.rel.dyn        0x080014e0        0x0
 .rel.iplt      0x080014e0        0x0 D:/Shigoto/Tools/STM32CubeIDE_1.17.0/STM32CubeIDE/plugins/com.st.stm32cube.ide.mcu.externaltools.gnu-tools-for-stm32.12.3.rel1.win32_1.1.0.202410251130/tools/bin/../lib/gcc/arm-none-eabi/12.3.1/thumb/v7e-m/nofp/crtbegin.o

.data           0x20000000       0x5c load address 0x080014e0
                0x20000000                        . = ALIGN (0x4)
                0x20000000                        _sdata = .
 *(.data)
 *(.data*)
 .data.__sglue  0x20000000        0xc D:/Shigoto/Tools/STM32CubeIDE_1.17.0/STM32CubeIDE/plugins/com.st.stm32cube.ide.mcu.externaltools.gnu-tools-for-stm32.12.3.rel1.win32_1.1.0.202410251130/tools/bin/../lib/gcc/arm-none-eabi/12.3.1/../../../../arm-none-eabi/lib/thumb/v7e-m/nofp\libc_nano.a(libc_a-findfp.o)
                0x20000000                __sglue
 .data._impure_ptr
                0x2000000c        0x4 D:/Shigoto/Tools/STM32CubeIDE_1.17.0/STM32CubeIDE/plugins/com.st.stm32cube.ide.mcu.externaltools.gnu-tools-for-stm32.12.3.rel1.win32_1.1.0.202410251130/tools/bin/../lib/gcc/arm-none-eabi/12.3.1/../../../../arm-none-eabi/lib/thumb/v7e-m/nofp\libc_nano.a(libc_a-impure.o)
                0x2000000c                _impure_ptr
 .data._impure_data
                0x20000010       0x4c D:/Shigoto/Tools/STM32CubeIDE_1.17.0/STM32CubeIDE/plugins/com.st.stm32cube.ide.mcu.externaltools.gnu-tools-for-stm32.12.3.rel1.win32_1.1.0.202410251130/tools/bin/../lib/gcc/arm-none-eabi/12.3.1/../../../../arm-none-eabi/lib/thumb/v7e-m/nofp\libc_nano.a(libc_a-impure.o)
                0x20000010                _impure_data
 *(.RamFunc)
 *(.RamFunc*)
                0x2000005c                        . = ALIGN (0x4)
                0x2000005c                        _edata = .

.igot.plt       0x2000005c        0x0 load address 0x0800153c
 .igot.plt      0x2000005c        0x0 D:/Shigoto/Tools/STM32CubeIDE_1.17.0/STM32CubeIDE/plugins/com.st.stm32cube.ide.mcu.externaltools.gnu-tools-for-stm32.12.3.rel1.win32_1.1.0.202410251130/tools/bin/../lib/gcc/arm-none-eabi/12.3.1/thumb/v7e-m/nofp/crtbegin.o
                0x2000005c                        . = ALIGN (0x4)

.bss            0x2000005c      0x16c load address 0x0800153c
                0x2000005c                        _sbss = .
                0x2000005c                        __bss_start__ = _sbss
 *(.bss)
 .bss           0x2000005c       0x1c D:/Shigoto/Tools/STM32CubeIDE_1.17.0/STM32CubeIDE/plugins/com.st.stm32cube.ide.mcu.externaltools.gnu-tools-for-stm32.12.3.rel1.win32_1.1.0.202410251130/tools/bin/../lib/gcc/arm-none-eabi/12.3.1/thumb/v7e-m/nofp/crtbegin.o
 *(.bss*)
 .bss.__sbrk_heap_end
                0x20000078        0x4 ./Src/sysmem.o
 .bss.__sf      0x2000007c      0x138 D:/Shigoto/Tools/STM32CubeIDE_1.17.0/STM32CubeIDE/plugins/com.st.stm32cube.ide.mcu.externaltools.gnu-tools-for-stm32.12.3.rel1.win32_1.1.0.202410251130/tools/bin/../lib/gcc/arm-none-eabi/12.3.1/../../../../arm-none-eabi/lib/thumb/v7e-m/nofp\libc_nano.a(libc_a-findfp.o)
                0x2000007c                __sf
 .bss.__stdio_exit_handler
                0x200001b4        0x4 D:/Shigoto/Tools/STM32CubeIDE_1.17.0/STM32CubeIDE/plugins/com.st.stm32cube.ide.mcu.externaltools.gnu-tools-for-stm32.12.3.rel1.win32_1.1.0.202410251130/tools/bin/../lib/gcc/arm-none-eabi/12.3.1/../../../../arm-none-eabi/lib/thumb/v7e-m/nofp\libc_nano.a(libc_a-findfp.o)
                0x200001b4                __stdio_exit_handler
 .bss.errno     0x200001b8        0x4 D:/Shigoto/Tools/STM32CubeIDE_1.17.0/STM32CubeIDE/plugins/com.st.stm32cube.ide.mcu.externaltools.gnu-tools-for-stm32.12.3.rel1.win32_1.1.0.202410251130/tools/bin/../lib/gcc/arm-none-eabi/12.3.1/../../../../arm-none-eabi/lib/thumb/v7e-m/nofp\libc_nano.a(libc_a-reent.o)
                0x200001b8                errno
 .bss.__lock___malloc_recursive_mutex
                0x200001bc        0x1 D:/Shigoto/Tools/STM32CubeIDE_1.17.0/STM32CubeIDE/plugins/com.st.stm32cube.ide.mcu.externaltools.gnu-tools-for-stm32.12.3.rel1.win32_1.1.0.202410251130/tools/bin/../lib/gcc/arm-none-eabi/12.3.1/../../../../arm-none-eabi/lib/thumb/v7e-m/nofp\libc_nano.a(libc_a-lock.o)
                0x200001bc                __lock___malloc_recursive_mutex
 .bss.__lock___sfp_recursive_mutex
                0x200001bd        0x1 D:/Shigoto/Tools/STM32CubeIDE_1.17.0/STM32CubeIDE/plugins/com.st.stm32cube.ide.mcu.externaltools.gnu-tools-for-stm32.12.3.rel1.win32_1.1.0.202410251130/tools/bin/../lib/gcc/arm-none-eabi/12.3.1/../../../../arm-none-eabi/lib/thumb/v7e-m/nofp\libc_nano.a(libc_a-lock.o)
                0x200001bd                __lock___sfp_recursive_mutex
 *fill*         0x200001be        0x2 
 .bss.__malloc_sbrk_start
                0x200001c0        0x4 D:/Shigoto/Tools/STM32CubeIDE_1.17.0/STM32CubeIDE/plugins/com.st.stm32cube.ide.mcu.externaltools.gnu-tools-for-stm32.12.3.rel1.win32_1.1.0.202410251130/tools/bin/../lib/gcc/arm-none-eabi/12.3.1/../../../../arm-none-eabi/lib/thumb/v7e-m/nofp\libc_nano.a(libc_a-mallocr.o)
                0x200001c0                __malloc_sbrk_start
 .bss.__malloc_free_list
                0x200001c4        0x4 D:/Shigoto/Tools/STM32CubeIDE_1.17.0/STM32CubeIDE/plugins/com.st.stm32cube.ide.mcu.externaltools.gnu-tools-for-stm32.12.3.rel1.win32_1.1.0.202410251130/tools/bin/../lib/gcc/arm-none-eabi/12.3.1/../../../../arm-none-eabi/lib/thumb/v7e-m/nofp\libc_nano.a(libc_a-mallocr.o)
                0x200001c4                __malloc_free_list
 *(COMMON)
                0x200001c8                        . = ALIGN (0x4)
                0x200001c8                        _ebss = .
                0x200001c8                        __bss_end__ = _ebss

._user_heap_stack
                0x200001c8      0x600 load address 0x0800153c
                0x200001c8                        . = ALIGN (0x8)
                [!provide]                        PROVIDE (end = .)
                0x200001c8                        PROVIDE (_end = .)
                0x200003c8                        . = (. + _Min_Heap_Size)
 *fill*         0x200001c8      0x200 
                0x200007c8                        . = (. + _Min_Stack_Size)
 *fill*         0x200003c8      0x400 
                0x200007c8                        . = ALIGN (0x8)

/DISCARD/
 libc.a(*)
 libm.a(*)
 libgcc.a(*)

.ARM.attributes
                0x00000000       0x2a
 *(.ARM.attributes)
 .ARM.attributes
                0x00000000       0x1e D:/Shigoto/Tools/STM32CubeIDE_1.17.0/STM32CubeIDE/plugins/com.st.stm32cube.ide.mcu.externaltools.gnu-tools-for-stm32.12.3.rel1.win32_1.1.0.202410251130/tools/bin/../lib/gcc/arm-none-eabi/12.3.1/thumb/v7e-m/nofp/crti.o
 .ARM.attributes
                0x0000001e       0x2e D:/Shigoto/Tools/STM32CubeIDE_1.17.0/STM32CubeIDE/plugins/com.st.stm32cube.ide.mcu.externaltools.gnu-tools-for-stm32.12.3.rel1.win32_1.1.0.202410251130/tools/bin/../lib/gcc/arm-none-eabi/12.3.1/thumb/v7e-m/nofp/crtbegin.o
 .ARM.attributes
                0x0000004c       0x2e ./Src/main-1.o
 .ARM.attributes
                0x0000007a       0x2e ./Src/syscalls.o
 .ARM.attributes
                0x000000a8       0x2e ./Src/sysmem.o
 .ARM.attributes
                0x000000d6       0x21 ./Startup/startup_stm32f411retx.o
 .ARM.attributes
                0x000000f7       0x2e D:/Shigoto/Tools/STM32CubeIDE_1.17.0/STM32CubeIDE/plugins/com.st.stm32cube.ide.mcu.externaltools.gnu-tools-for-stm32.12.3.rel1.win32_1.1.0.202410251130/tools/bin/../lib/gcc/arm-none-eabi/12.3.1/../../../../arm-none-eabi/lib/thumb/v7e-m/nofp\libc_nano.a(libc_a-findfp.o)
 .ARM.attributes
                0x00000125       0x2e D:/Shigoto/Tools/STM32CubeIDE_1.17.0/STM32CubeIDE/plugins/com.st.stm32cube.ide.mcu.externaltools.gnu-tools-for-stm32.12.3.rel1.win32_1.1.0.202410251130/tools/bin/../lib/gcc/arm-none-eabi/12.3.1/../../../../arm-none-eabi/lib/thumb/v7e-m/nofp\libc_nano.a(libc_a-fwalk.o)
 .ARM.attributes
                0x00000153       0x2e D:/Shigoto/Tools/STM32CubeIDE_1.17.0/STM32CubeIDE/plugins/com.st.stm32cube.ide.mcu.externaltools.gnu-tools-for-stm32.12.3.rel1.win32_1.1.0.202410251130/tools/bin/../lib/gcc/arm-none-eabi/12.3.1/../../../../arm-none-eabi/lib/thumb/v7e-m/nofp\libc_nano.a(libc_a-printf.o)
 .ARM.attributes
                0x00000181       0x2e D:/Shigoto/Tools/STM32CubeIDE_1.17.0/STM32CubeIDE/plugins/com.st.stm32cube.ide.mcu.externaltools.gnu-tools-for-stm32.12.3.rel1.win32_1.1.0.202410251130/tools/bin/../lib/gcc/arm-none-eabi/12.3.1/../../../../arm-none-eabi/lib/thumb/v7e-m/nofp\libc_nano.a(libc_a-stdio.o)
 .ARM.attributes
                0x000001af       0x2e D:/Shigoto/Tools/STM32CubeIDE_1.17.0/STM32CubeIDE/plugins/com.st.stm32cube.ide.mcu.externaltools.gnu-tools-for-stm32.12.3.rel1.win32_1.1.0.202410251130/tools/bin/../lib/gcc/arm-none-eabi/12.3.1/../../../../arm-none-eabi/lib/thumb/v7e-m/nofp\libc_nano.a(libc_a-memset.o)
 .ARM.attributes
                0x000001dd       0x2e D:/Shigoto/Tools/STM32CubeIDE_1.17.0/STM32CubeIDE/plugins/com.st.stm32cube.ide.mcu.externaltools.gnu-tools-for-stm32.12.3.rel1.win32_1.1.0.202410251130/tools/bin/../lib/gcc/arm-none-eabi/12.3.1/../../../../arm-none-eabi/lib/thumb/v7e-m/nofp\libc_nano.a(libc_a-closer.o)
 .ARM.attributes
                0x0000020b       0x2e D:/Shigoto/Tools/STM32CubeIDE_1.17.0/STM32CubeIDE/plugins/com.st.stm32cube.ide.mcu.externaltools.gnu-tools-for-stm32.12.3.rel1.win32_1.1.0.202410251130/tools/bin/../lib/gcc/arm-none-eabi/12.3.1/../../../../arm-none-eabi/lib/thumb/v7e-m/nofp\libc_nano.a(libc_a-reent.o)
 .ARM.attributes
                0x00000239       0x2e D:/Shigoto/Tools/STM32CubeIDE_1.17.0/STM32CubeIDE/plugins/com.st.stm32cube.ide.mcu.externaltools.gnu-tools-for-stm32.12.3.rel1.win32_1.1.0.202410251130/tools/bin/../lib/gcc/arm-none-eabi/12.3.1/../../../../arm-none-eabi/lib/thumb/v7e-m/nofp\libc_nano.a(libc_a-impure.o)
 .ARM.attributes
                0x00000267       0x2e D:/Shigoto/Tools/STM32CubeIDE_1.17.0/STM32CubeIDE/plugins/com.st.stm32cube.ide.mcu.externaltools.gnu-tools-for-stm32.12.3.rel1.win32_1.1.0.202410251130/tools/bin/../lib/gcc/arm-none-eabi/12.3.1/../../../../arm-none-eabi/lib/thumb/v7e-m/nofp\libc_nano.a(libc_a-lseekr.o)
 .ARM.attributes
                0x00000295       0x2e D:/Shigoto/Tools/STM32CubeIDE_1.17.0/STM32CubeIDE/plugins/com.st.stm32cube.ide.mcu.externaltools.gnu-tools-for-stm32.12.3.rel1.win32_1.1.0.202410251130/tools/bin/../lib/gcc/arm-none-eabi/12.3.1/../../../../arm-none-eabi/lib/thumb/v7e-m/nofp\libc_nano.a(libc_a-readr.o)
 .ARM.attributes
                0x000002c3       0x2e D:/Shigoto/Tools/STM32CubeIDE_1.17.0/STM32CubeIDE/plugins/com.st.stm32cube.ide.mcu.externaltools.gnu-tools-for-stm32.12.3.rel1.win32_1.1.0.202410251130/tools/bin/../lib/gcc/arm-none-eabi/12.3.1/../../../../arm-none-eabi/lib/thumb/v7e-m/nofp\libc_nano.a(libc_a-writer.o)
 .ARM.attributes
                0x000002f1       0x2e D:/Shigoto/Tools/STM32CubeIDE_1.17.0/STM32CubeIDE/plugins/com.st.stm32cube.ide.mcu.externaltools.gnu-tools-for-stm32.12.3.rel1.win32_1.1.0.202410251130/tools/bin/../lib/gcc/arm-none-eabi/12.3.1/../../../../arm-none-eabi/lib/thumb/v7e-m/nofp\libc_nano.a(libc_a-errno.o)
 .ARM.attributes
                0x0000031f       0x2e D:/Shigoto/Tools/STM32CubeIDE_1.17.0/STM32CubeIDE/plugins/com.st.stm32cube.ide.mcu.externaltools.gnu-tools-for-stm32.12.3.rel1.win32_1.1.0.202410251130/tools/bin/../lib/gcc/arm-none-eabi/12.3.1/../../../../arm-none-eabi/lib/thumb/v7e-m/nofp\libc_nano.a(libc_a-init.o)
 .ARM.attributes
                0x0000034d       0x2e D:/Shigoto/Tools/STM32CubeIDE_1.17.0/STM32CubeIDE/plugins/com.st.stm32cube.ide.mcu.externaltools.gnu-tools-for-stm32.12.3.rel1.win32_1.1.0.202410251130/tools/bin/../lib/gcc/arm-none-eabi/12.3.1/../../../../arm-none-eabi/lib/thumb/v7e-m/nofp\libc_nano.a(libc_a-lock.o)
 .ARM.attributes
                0x0000037b       0x2e D:/Shigoto/Tools/STM32CubeIDE_1.17.0/STM32CubeIDE/plugins/com.st.stm32cube.ide.mcu.externaltools.gnu-tools-for-stm32.12.3.rel1.win32_1.1.0.202410251130/tools/bin/../lib/gcc/arm-none-eabi/12.3.1/../../../../arm-none-eabi/lib/thumb/v7e-m/nofp\libc_nano.a(libc_a-freer.o)
 .ARM.attributes
                0x000003a9       0x2e D:/Shigoto/Tools/STM32CubeIDE_1.17.0/STM32CubeIDE/plugins/com.st.stm32cube.ide.mcu.externaltools.gnu-tools-for-stm32.12.3.rel1.win32_1.1.0.202410251130/tools/bin/../lib/gcc/arm-none-eabi/12.3.1/../../../../arm-none-eabi/lib/thumb/v7e-m/nofp\libc_nano.a(libc_a-mallocr.o)
 .ARM.attributes
                0x000003d7       0x2e D:/Shigoto/Tools/STM32CubeIDE_1.17.0/STM32CubeIDE/plugins/com.st.stm32cube.ide.mcu.externaltools.gnu-tools-for-stm32.12.3.rel1.win32_1.1.0.202410251130/tools/bin/../lib/gcc/arm-none-eabi/12.3.1/../../../../arm-none-eabi/lib/thumb/v7e-m/nofp\libc_nano.a(libc_a-mlock.o)
 .ARM.attributes
                0x00000405       0x2e D:/Shigoto/Tools/STM32CubeIDE_1.17.0/STM32CubeIDE/plugins/com.st.stm32cube.ide.mcu.externaltools.gnu-tools-for-stm32.12.3.rel1.win32_1.1.0.202410251130/tools/bin/../lib/gcc/arm-none-eabi/12.3.1/../../../../arm-none-eabi/lib/thumb/v7e-m/nofp\libc_nano.a(libc_a-nano-vfprintf.o)
 .ARM.attributes
                0x00000433       0x2e D:/Shigoto/Tools/STM32CubeIDE_1.17.0/STM32CubeIDE/plugins/com.st.stm32cube.ide.mcu.externaltools.gnu-tools-for-stm32.12.3.rel1.win32_1.1.0.202410251130/tools/bin/../lib/gcc/arm-none-eabi/12.3.1/../../../../arm-none-eabi/lib/thumb/v7e-m/nofp\libc_nano.a(libc_a-nano-vfprintf_i.o)
 .ARM.attributes
                0x00000461       0x2e D:/Shigoto/Tools/STM32CubeIDE_1.17.0/STM32CubeIDE/plugins/com.st.stm32cube.ide.mcu.externaltools.gnu-tools-for-stm32.12.3.rel1.win32_1.1.0.202410251130/tools/bin/../lib/gcc/arm-none-eabi/12.3.1/../../../../arm-none-eabi/lib/thumb/v7e-m/nofp\libc_nano.a(libc_a-fflush.o)
 .ARM.attributes
                0x0000048f       0x2e D:/Shigoto/Tools/STM32CubeIDE_1.17.0/STM32CubeIDE/plugins/com.st.stm32cube.ide.mcu.externaltools.gnu-tools-for-stm32.12.3.rel1.win32_1.1.0.202410251130/tools/bin/../lib/gcc/arm-none-eabi/12.3.1/../../../../arm-none-eabi/lib/thumb/v7e-m/nofp\libc_nano.a(libc_a-wbuf.o)
 .ARM.attributes
                0x000004bd       0x2e D:/Shigoto/Tools/STM32CubeIDE_1.17.0/STM32CubeIDE/plugins/com.st.stm32cube.ide.mcu.externaltools.gnu-tools-for-stm32.12.3.rel1.win32_1.1.0.202410251130/tools/bin/../lib/gcc/arm-none-eabi/12.3.1/../../../../arm-none-eabi/lib/thumb/v7e-m/nofp\libc_nano.a(libc_a-wsetup.o)
 .ARM.attributes
                0x000004eb       0x2e D:/Shigoto/Tools/STM32CubeIDE_1.17.0/STM32CubeIDE/plugins/com.st.stm32cube.ide.mcu.externaltools.gnu-tools-for-stm32.12.3.rel1.win32_1.1.0.202410251130/tools/bin/../lib/gcc/arm-none-eabi/12.3.1/../../../../arm-none-eabi/lib/thumb/v7e-m/nofp\libc_nano.a(libc_a-sbrkr.o)
 .ARM.attributes
                0x00000519       0x1c D:/Shigoto/Tools/STM32CubeIDE_1.17.0/STM32CubeIDE/plugins/com.st.stm32cube.ide.mcu.externaltools.gnu-tools-for-stm32.12.3.rel1.win32_1.1.0.202410251130/tools/bin/../lib/gcc/arm-none-eabi/12.3.1/../../../../arm-none-eabi/lib/thumb/v7e-m/nofp\libc_nano.a(libc_a-memchr.o)
 .ARM.attributes
                0x00000535       0x2e D:/Shigoto/Tools/STM32CubeIDE_1.17.0/STM32CubeIDE/plugins/com.st.stm32cube.ide.mcu.externaltools.gnu-tools-for-stm32.12.3.rel1.win32_1.1.0.202410251130/tools/bin/../lib/gcc/arm-none-eabi/12.3.1/../../../../arm-none-eabi/lib/thumb/v7e-m/nofp\libc_nano.a(libc_a-makebuf.o)
 .ARM.attributes
                0x00000563       0x2e D:/Shigoto/Tools/STM32CubeIDE_1.17.0/STM32CubeIDE/plugins/com.st.stm32cube.ide.mcu.externaltools.gnu-tools-for-stm32.12.3.rel1.win32_1.1.0.202410251130/tools/bin/../lib/gcc/arm-none-eabi/12.3.1/../../../../arm-none-eabi/lib/thumb/v7e-m/nofp\libc_nano.a(libc_a-fstatr.o)
 .ARM.attributes
                0x00000591       0x2e D:/Shigoto/Tools/STM32CubeIDE_1.17.0/STM32CubeIDE/plugins/com.st.stm32cube.ide.mcu.externaltools.gnu-tools-for-stm32.12.3.rel1.win32_1.1.0.202410251130/tools/bin/../lib/gcc/arm-none-eabi/12.3.1/../../../../arm-none-eabi/lib/thumb/v7e-m/nofp\libc_nano.a(libc_a-isattyr.o)
 .ARM.attributes
                0x000005bf       0x1e D:/Shigoto/Tools/STM32CubeIDE_1.17.0/STM32CubeIDE/plugins/com.st.stm32cube.ide.mcu.externaltools.gnu-tools-for-stm32.12.3.rel1.win32_1.1.0.202410251130/tools/bin/../lib/gcc/arm-none-eabi/12.3.1/thumb/v7e-m/nofp/crtn.o
OUTPUT(SVC.elf elf32-littlearm)
LOAD linker stubs
LOAD D:/Shigoto/Tools/STM32CubeIDE_1.17.0/STM32CubeIDE/plugins/com.st.stm32cube.ide.mcu.externaltools.gnu-tools-for-stm32.12.3.rel1.win32_1.1.0.202410251130/tools/bin/../lib/gcc/arm-none-eabi/12.3.1/../../../../arm-none-eabi/lib/thumb/v7e-m/nofp\libc.a
LOAD D:/Shigoto/Tools/STM32CubeIDE_1.17.0/STM32CubeIDE/plugins/com.st.stm32cube.ide.mcu.externaltools.gnu-tools-for-stm32.12.3.rel1.win32_1.1.0.202410251130/tools/bin/../lib/gcc/arm-none-eabi/12.3.1/../../../../arm-none-eabi/lib/thumb/v7e-m/nofp\libm.a
LOAD D:/Shigoto/Tools/STM32CubeIDE_1.17.0/STM32CubeIDE/plugins/com.st.stm32cube.ide.mcu.externaltools.gnu-tools-for-stm32.12.3.rel1.win32_1.1.0.202410251130/tools/bin/../lib/gcc/arm-none-eabi/12.3.1/thumb/v7e-m/nofp\libgcc.a

.debug_info     0x00000000      0xb06
 .debug_info    0x00000000      0x29d ./Src/main-1.o
 .debug_info    0x0000029d      0x6d1 ./Src/syscalls.o
 .debug_info    0x0000096e      0x168 ./Src/sysmem.o
 .debug_info    0x00000ad6       0x30 ./Startup/startup_stm32f411retx.o

.debug_abbrev   0x00000000      0x3d2
 .debug_abbrev  0x00000000      0x141 ./Src/main-1.o
 .debug_abbrev  0x00000141      0x1b1 ./Src/syscalls.o
 .debug_abbrev  0x000002f2       0xbc ./Src/sysmem.o
 .debug_abbrev  0x000003ae       0x24 ./Startup/startup_stm32f411retx.o

.debug_aranges  0x00000000      0x148
 .debug_aranges
                0x00000000       0x50 ./Src/main-1.o
 .debug_aranges
                0x00000050       0xb0 ./Src/syscalls.o
 .debug_aranges
                0x00000100       0x20 ./Src/sysmem.o
 .debug_aranges
                0x00000120       0x28 ./Startup/startup_stm32f411retx.o

.debug_rnglists
                0x00000000       0xe3
 .debug_rnglists
                0x00000000       0x38 ./Src/main-1.o
 .debug_rnglists
                0x00000038       0x7f ./Src/syscalls.o
 .debug_rnglists
                0x000000b7       0x13 ./Src/sysmem.o
 .debug_rnglists
                0x000000ca       0x19 ./Startup/startup_stm32f411retx.o

.debug_macro    0x00000000     0x2cbe
 .debug_macro   0x00000000      0x140 ./Src/main-1.o
 .debug_macro   0x00000140      0xab4 ./Src/main-1.o
 .debug_macro   0x00000bf4       0x22 ./Src/main-1.o
 .debug_macro   0x00000c16       0x8e ./Src/main-1.o
 .debug_macro   0x00000ca4       0x51 ./Src/main-1.o
 .debug_macro   0x00000cf5      0x103 ./Src/main-1.o
 .debug_macro   0x00000df8       0x6a ./Src/main-1.o
 .debug_macro   0x00000e62      0x1df ./Src/main-1.o
 .debug_macro   0x00001041       0x61 ./Src/main-1.o
 .debug_macro   0x000010a2       0x24 ./Src/main-1.o
 .debug_macro   0x000010c6       0x43 ./Src/main-1.o
 .debug_macro   0x00001109       0x34 ./Src/main-1.o
 .debug_macro   0x0000113d       0x16 ./Src/main-1.o
 .debug_macro   0x00001153       0x9e ./Src/main-1.o
 .debug_macro   0x000011f1      0x369 ./Src/main-1.o
 .debug_macro   0x0000155a      0x10b ./Src/main-1.o
 .debug_macro   0x00001665       0x10 ./Src/main-1.o
 .debug_macro   0x00001675       0x16 ./Src/main-1.o
 .debug_macro   0x0000168b       0x43 ./Src/main-1.o
 .debug_macro   0x000016ce       0x34 ./Src/main-1.o
 .debug_macro   0x00001702       0x10 ./Src/main-1.o
 .debug_macro   0x00001712       0x58 ./Src/main-1.o
 .debug_macro   0x0000176a       0x8e ./Src/main-1.o
 .debug_macro   0x000017f8       0x1c ./Src/main-1.o
 .debug_macro   0x00001814      0x177 ./Src/main-1.o
 .debug_macro   0x0000198b       0x16 ./Src/main-1.o
 .debug_macro   0x000019a1       0x16 ./Src/main-1.o
 .debug_macro   0x000019b7      0x146 ./Src/main-1.o
 .debug_macro   0x00001afd      0x286 ./Src/syscalls.o
 .debug_macro   0x00001d83       0x5b ./Src/syscalls.o
 .debug_macro   0x00001dde       0x94 ./Src/syscalls.o
 .debug_macro   0x00001e72       0x57 ./Src/syscalls.o
 .debug_macro   0x00001ec9      0x189 ./Src/syscalls.o
 .debug_macro   0x00002052       0x10 ./Src/syscalls.o
 .debug_macro   0x00002062       0x35 ./Src/syscalls.o
 .debug_macro   0x00002097       0x10 ./Src/syscalls.o
 .debug_macro   0x000020a7       0x10 ./Src/syscalls.o
 .debug_macro   0x000020b7       0x10 ./Src/syscalls.o
 .debug_macro   0x000020c7       0x1c ./Src/syscalls.o
 .debug_macro   0x000020e3       0x52 ./Src/syscalls.o
 .debug_macro   0x00002135       0x22 ./Src/syscalls.o
 .debug_macro   0x00002157       0x10 ./Src/syscalls.o
 .debug_macro   0x00002167       0x52 ./Src/syscalls.o
 .debug_macro   0x000021b9       0xcf ./Src/syscalls.o
 .debug_macro   0x00002288       0x1c ./Src/syscalls.o
 .debug_macro   0x000022a4       0x3d ./Src/syscalls.o
 .debug_macro   0x000022e1       0x35 ./Src/syscalls.o
 .debug_macro   0x00002316      0x12c ./Src/syscalls.o
 .debug_macro   0x00002442       0x16 ./Src/syscalls.o
 .debug_macro   0x00002458       0x16 ./Src/syscalls.o
 .debug_macro   0x0000246e       0x29 ./Src/syscalls.o
 .debug_macro   0x00002497       0x10 ./Src/syscalls.o
 .debug_macro   0x000024a7      0x242 ./Src/syscalls.o
 .debug_macro   0x000026e9       0x1c ./Src/syscalls.o
 .debug_macro   0x00002705       0x10 ./Src/syscalls.o
 .debug_macro   0x00002715      0x18a ./Src/syscalls.o
 .debug_macro   0x0000289f       0x16 ./Src/syscalls.o
 .debug_macro   0x000028b5       0xce ./Src/syscalls.o
 .debug_macro   0x00002983       0xff ./Src/sysmem.o
 .debug_macro   0x00002a82      0x23c ./Src/sysmem.o

.debug_line     0x00000000     0x17f5
 .debug_line    0x00000000      0x742 ./Src/main-1.o
 .debug_line    0x00000742      0x9d1 ./Src/syscalls.o
 .debug_line    0x00001113      0x667 ./Src/sysmem.o
 .debug_line    0x0000177a       0x7b ./Startup/startup_stm32f411retx.o

.debug_str      0x00000000     0x9803
 .debug_str     0x00000000     0x7606 ./Src/main-1.o
                               0x7817 (size before relaxing)
 .debug_str     0x00007606     0x2158 ./Src/syscalls.o
                               0x9928 (size before relaxing)
 .debug_str     0x0000975e       0x66 ./Src/sysmem.o
                               0x6092 (size before relaxing)
 .debug_str     0x000097c4       0x3f ./Startup/startup_stm32f411retx.o
                                 0x84 (size before relaxing)

.comment        0x00000000       0x43
 .comment       0x00000000       0x43 ./Src/main-1.o
                                 0x44 (size before relaxing)
 .comment       0x00000043       0x44 ./Src/syscalls.o
 .comment       0x00000043       0x44 ./Src/sysmem.o

.debug_frame    0x00000000      0xbe0
 .debug_frame   0x00000000      0x104 ./Src/main-1.o
 .debug_frame   0x00000104      0x2d4 ./Src/syscalls.o
 .debug_frame   0x000003d8       0x34 ./Src/sysmem.o
 .debug_frame   0x0000040c      0x144 D:/Shigoto/Tools/STM32CubeIDE_1.17.0/STM32CubeIDE/plugins/com.st.stm32cube.ide.mcu.externaltools.gnu-tools-for-stm32.12.3.rel1.win32_1.1.0.202410251130/tools/bin/../lib/gcc/arm-none-eabi/12.3.1/../../../../arm-none-eabi/lib/thumb/v7e-m/nofp\libc_nano.a(libc_a-findfp.o)
 .debug_frame   0x00000550       0x34 D:/Shigoto/Tools/STM32CubeIDE_1.17.0/STM32CubeIDE/plugins/com.st.stm32cube.ide.mcu.externaltools.gnu-tools-for-stm32.12.3.rel1.win32_1.1.0.202410251130/tools/bin/../lib/gcc/arm-none-eabi/12.3.1/../../../../arm-none-eabi/lib/thumb/v7e-m/nofp\libc_nano.a(libc_a-fwalk.o)
 .debug_frame   0x00000584       0x6c D:/Shigoto/Tools/STM32CubeIDE_1.17.0/STM32CubeIDE/plugins/com.st.stm32cube.ide.mcu.externaltools.gnu-tools-for-stm32.12.3.rel1.win32_1.1.0.202410251130/tools/bin/../lib/gcc/arm-none-eabi/12.3.1/../../../../arm-none-eabi/lib/thumb/v7e-m/nofp\libc_nano.a(libc_a-printf.o)
 .debug_frame   0x000005f0       0x88 D:/Shigoto/Tools/STM32CubeIDE_1.17.0/STM32CubeIDE/plugins/com.st.stm32cube.ide.mcu.externaltools.gnu-tools-for-stm32.12.3.rel1.win32_1.1.0.202410251130/tools/bin/../lib/gcc/arm-none-eabi/12.3.1/../../../../arm-none-eabi/lib/thumb/v7e-m/nofp\libc_nano.a(libc_a-stdio.o)
 .debug_frame   0x00000678       0x20 D:/Shigoto/Tools/STM32CubeIDE_1.17.0/STM32CubeIDE/plugins/com.st.stm32cube.ide.mcu.externaltools.gnu-tools-for-stm32.12.3.rel1.win32_1.1.0.202410251130/tools/bin/../lib/gcc/arm-none-eabi/12.3.1/../../../../arm-none-eabi/lib/thumb/v7e-m/nofp\libc_nano.a(libc_a-memset.o)
 .debug_frame   0x00000698       0x2c D:/Shigoto/Tools/STM32CubeIDE_1.17.0/STM32CubeIDE/plugins/com.st.stm32cube.ide.mcu.externaltools.gnu-tools-for-stm32.12.3.rel1.win32_1.1.0.202410251130/tools/bin/../lib/gcc/arm-none-eabi/12.3.1/../../../../arm-none-eabi/lib/thumb/v7e-m/nofp\libc_nano.a(libc_a-closer.o)
 .debug_frame   0x000006c4       0x38 D:/Shigoto/Tools/STM32CubeIDE_1.17.0/STM32CubeIDE/plugins/com.st.stm32cube.ide.mcu.externaltools.gnu-tools-for-stm32.12.3.rel1.win32_1.1.0.202410251130/tools/bin/../lib/gcc/arm-none-eabi/12.3.1/../../../../arm-none-eabi/lib/thumb/v7e-m/nofp\libc_nano.a(libc_a-reent.o)
 .debug_frame   0x000006fc       0x2c D:/Shigoto/Tools/STM32CubeIDE_1.17.0/STM32CubeIDE/plugins/com.st.stm32cube.ide.mcu.externaltools.gnu-tools-for-stm32.12.3.rel1.win32_1.1.0.202410251130/tools/bin/../lib/gcc/arm-none-eabi/12.3.1/../../../../arm-none-eabi/lib/thumb/v7e-m/nofp\libc_nano.a(libc_a-lseekr.o)
 .debug_frame   0x00000728       0x2c D:/Shigoto/Tools/STM32CubeIDE_1.17.0/STM32CubeIDE/plugins/com.st.stm32cube.ide.mcu.externaltools.gnu-tools-for-stm32.12.3.rel1.win32_1.1.0.202410251130/tools/bin/../lib/gcc/arm-none-eabi/12.3.1/../../../../arm-none-eabi/lib/thumb/v7e-m/nofp\libc_nano.a(libc_a-readr.o)
 .debug_frame   0x00000754       0x2c D:/Shigoto/Tools/STM32CubeIDE_1.17.0/STM32CubeIDE/plugins/com.st.stm32cube.ide.mcu.externaltools.gnu-tools-for-stm32.12.3.rel1.win32_1.1.0.202410251130/tools/bin/../lib/gcc/arm-none-eabi/12.3.1/../../../../arm-none-eabi/lib/thumb/v7e-m/nofp\libc_nano.a(libc_a-writer.o)
 .debug_frame   0x00000780       0x20 D:/Shigoto/Tools/STM32CubeIDE_1.17.0/STM32CubeIDE/plugins/com.st.stm32cube.ide.mcu.externaltools.gnu-tools-for-stm32.12.3.rel1.win32_1.1.0.202410251130/tools/bin/../lib/gcc/arm-none-eabi/12.3.1/../../../../arm-none-eabi/lib/thumb/v7e-m/nofp\libc_nano.a(libc_a-errno.o)
 .debug_frame   0x000007a0       0x2c D:/Shigoto/Tools/STM32CubeIDE_1.17.0/STM32CubeIDE/plugins/com.st.stm32cube.ide.mcu.externaltools.gnu-tools-for-stm32.12.3.rel1.win32_1.1.0.202410251130/tools/bin/../lib/gcc/arm-none-eabi/12.3.1/../../../../arm-none-eabi/lib/thumb/v7e-m/nofp\libc_nano.a(libc_a-init.o)
 .debug_frame   0x000007cc       0xb0 D:/Shigoto/Tools/STM32CubeIDE_1.17.0/STM32CubeIDE/plugins/com.st.stm32cube.ide.mcu.externaltools.gnu-tools-for-stm32.12.3.rel1.win32_1.1.0.202410251130/tools/bin/../lib/gcc/arm-none-eabi/12.3.1/../../../../arm-none-eabi/lib/thumb/v7e-m/nofp\libc_nano.a(libc_a-lock.o)
 .debug_frame   0x0000087c       0x38 D:/Shigoto/Tools/STM32CubeIDE_1.17.0/STM32CubeIDE/plugins/com.st.stm32cube.ide.mcu.externaltools.gnu-tools-for-stm32.12.3.rel1.win32_1.1.0.202410251130/tools/bin/../lib/gcc/arm-none-eabi/12.3.1/../../../../arm-none-eabi/lib/thumb/v7e-m/nofp\libc_nano.a(libc_a-freer.o)
 .debug_frame   0x000008b4       0x50 D:/Shigoto/Tools/STM32CubeIDE_1.17.0/STM32CubeIDE/plugins/com.st.stm32cube.ide.mcu.externaltools.gnu-tools-for-stm32.12.3.rel1.win32_1.1.0.202410251130/tools/bin/../lib/gcc/arm-none-eabi/12.3.1/../../../../arm-none-eabi/lib/thumb/v7e-m/nofp\libc_nano.a(libc_a-mallocr.o)
 .debug_frame   0x00000904       0x30 D:/Shigoto/Tools/STM32CubeIDE_1.17.0/STM32CubeIDE/plugins/com.st.stm32cube.ide.mcu.externaltools.gnu-tools-for-stm32.12.3.rel1.win32_1.1.0.202410251130/tools/bin/../lib/gcc/arm-none-eabi/12.3.1/../../../../arm-none-eabi/lib/thumb/v7e-m/nofp\libc_nano.a(libc_a-mlock.o)
 .debug_frame   0x00000934       0xa8 D:/Shigoto/Tools/STM32CubeIDE_1.17.0/STM32CubeIDE/plugins/com.st.stm32cube.ide.mcu.externaltools.gnu-tools-for-stm32.12.3.rel1.win32_1.1.0.202410251130/tools/bin/../lib/gcc/arm-none-eabi/12.3.1/../../../../arm-none-eabi/lib/thumb/v7e-m/nofp\libc_nano.a(libc_a-nano-vfprintf.o)
 .debug_frame   0x000009dc       0x60 D:/Shigoto/Tools/STM32CubeIDE_1.17.0/STM32CubeIDE/plugins/com.st.stm32cube.ide.mcu.externaltools.gnu-tools-for-stm32.12.3.rel1.win32_1.1.0.202410251130/tools/bin/../lib/gcc/arm-none-eabi/12.3.1/../../../../arm-none-eabi/lib/thumb/v7e-m/nofp\libc_nano.a(libc_a-nano-vfprintf_i.o)
 .debug_frame   0x00000a3c       0x5c D:/Shigoto/Tools/STM32CubeIDE_1.17.0/STM32CubeIDE/plugins/com.st.stm32cube.ide.mcu.externaltools.gnu-tools-for-stm32.12.3.rel1.win32_1.1.0.202410251130/tools/bin/../lib/gcc/arm-none-eabi/12.3.1/../../../../arm-none-eabi/lib/thumb/v7e-m/nofp\libc_nano.a(libc_a-fflush.o)
 .debug_frame   0x00000a98       0x40 D:/Shigoto/Tools/STM32CubeIDE_1.17.0/STM32CubeIDE/plugins/com.st.stm32cube.ide.mcu.externaltools.gnu-tools-for-stm32.12.3.rel1.win32_1.1.0.202410251130/tools/bin/../lib/gcc/arm-none-eabi/12.3.1/../../../../arm-none-eabi/lib/thumb/v7e-m/nofp\libc_nano.a(libc_a-wbuf.o)
 .debug_frame   0x00000ad8       0x2c D:/Shigoto/Tools/STM32CubeIDE_1.17.0/STM32CubeIDE/plugins/com.st.stm32cube.ide.mcu.externaltools.gnu-tools-for-stm32.12.3.rel1.win32_1.1.0.202410251130/tools/bin/../lib/gcc/arm-none-eabi/12.3.1/../../../../arm-none-eabi/lib/thumb/v7e-m/nofp\libc_nano.a(libc_a-wsetup.o)
 .debug_frame   0x00000b04       0x2c D:/Shigoto/Tools/STM32CubeIDE_1.17.0/STM32CubeIDE/plugins/com.st.stm32cube.ide.mcu.externaltools.gnu-tools-for-stm32.12.3.rel1.win32_1.1.0.202410251130/tools/bin/../lib/gcc/arm-none-eabi/12.3.1/../../../../arm-none-eabi/lib/thumb/v7e-m/nofp\libc_nano.a(libc_a-sbrkr.o)
 .debug_frame   0x00000b30       0x58 D:/Shigoto/Tools/STM32CubeIDE_1.17.0/STM32CubeIDE/plugins/com.st.stm32cube.ide.mcu.externaltools.gnu-tools-for-stm32.12.3.rel1.win32_1.1.0.202410251130/tools/bin/../lib/gcc/arm-none-eabi/12.3.1/../../../../arm-none-eabi/lib/thumb/v7e-m/nofp\libc_nano.a(libc_a-makebuf.o)
 .debug_frame   0x00000b88       0x2c D:/Shigoto/Tools/STM32CubeIDE_1.17.0/STM32CubeIDE/plugins/com.st.stm32cube.ide.mcu.externaltools.gnu-tools-for-stm32.12.3.rel1.win32_1.1.0.202410251130/tools/bin/../lib/gcc/arm-none-eabi/12.3.1/../../../../arm-none-eabi/lib/thumb/v7e-m/nofp\libc_nano.a(libc_a-fstatr.o)
 .debug_frame   0x00000bb4       0x2c D:/Shigoto/Tools/STM32CubeIDE_1.17.0/STM32CubeIDE/plugins/com.st.stm32cube.ide.mcu.externaltools.gnu-tools-for-stm32.12.3.rel1.win32_1.1.0.202410251130/tools/bin/../lib/gcc/arm-none-eabi/12.3.1/../../../../arm-none-eabi/lib/thumb/v7e-m/nofp\libc_nano.a(libc_a-isattyr.o)

.debug_line_str
                0x00000000       0x68
 .debug_line_str
                0x00000000       0x68 ./Startup/startup_stm32f411retx.o
